
 -+-+-+-+-+-+-+-+-+-+-+-+-+-+-+-+-+-+-+-+-+-+-+-+-+-+-+-+-+-+ RUNNING SIMULATIONS FOR DISTORTION=stretch-global-1 -+-+-+-+-+-+-+-+-+-+-+-+-+-+-+-+-+-+-+-+-+-+-+-+-+-+-+-+-+-+
======================================================================
Running new simulation for ***Nested Model*** with distortion=stretch-global (a=1, b=1)...
PARAMETERS:
	M=10, min_scale=25, scale_ratio=1.5, m=20, r_max=30, poiss_time_w=0.1
	Scales=[961.08, 640.72, 427.15, 284.77, 189.84, 126.56, 84.38, 56.25, 37.5, 25.0]
	hexagonal_projection: True
Saved simulation data to simulation_outputs/round-7/global/nm_trials-100_stretch-global_a-1_b-1.pkl
====================================================================== 

======================================================================
Running new simulation for ***Distance Cell Model*** with distortion=stretch-global (a=1, b=1)...
PARAMETERS:
	M=10, min_scale=25, scale_ratio=1.5, m=20, r_max=30, poiss_time_w=0.1
	N_dc=12500 (DCM)
	xdc_positions=[[-250.   -249.96 -249.92],...,[249.88 249.92 249.96]] (DCM)
	Scales=[25.0, 37.5, 56.25, 84.38, 126.56, 189.84, 284.77, 427.15, 640.72, 961.08]
	hexagonal_projection: True
Saved simulation data to simulation_outputs/round-7/global/dcm_trials-100_stretch-global_a-1_b-1.pkl
====================================================================== 

======================================================================
Running new simulation for ***Vector Cell Model*** with distortion=stretch-global (a=1, b=1)...
PARAMETERS:
	M=10, min_scale=25, scale_ratio=1.5, m=20, r_max=30, poiss_time_w=0.1
	N_fvc=12500 (VCM)
	cvc_pos=[[0.         0.04411894 0.07934294],...,[497.29175374 498.64587687 500.        ]] (VCM)
	fvc_pos=[[0.        0.0400032 0.0800064],...,[499.9199936 499.9599968 500.       ]] (VCM)
	Scales=[25.0, 37.5, 56.25, 84.38, 126.56, 189.84, 284.77, 427.15, 640.72, 961.08]
	hexagonal_projection: True
Saved simulation data to simulation_outputs/round-7/global/vcm_trials-100_stretch-global_a-1_b-1.pkl
====================================================================== 


 -+-+-+-+-+-+-+-+-+-+-+-+-+-+-+-+-+-+-+-+-+-+-+-+-+-+-+-+-+-+ RUNNING SIMULATIONS FOR DISTORTION=stretch-global-2 -+-+-+-+-+-+-+-+-+-+-+-+-+-+-+-+-+-+-+-+-+-+-+-+-+-+-+-+-+-+
======================================================================
Running new simulation for ***Nested Model*** with distortion=stretch-global (a=1, b=0.7)...
PARAMETERS:
	M=10, min_scale=25, scale_ratio=1.5, m=20, r_max=30, poiss_time_w=0.1
	Scales=[961.08, 640.72, 427.15, 284.77, 189.84, 126.56, 84.38, 56.25, 37.5, 25.0]
	hexagonal_projection: True
Saved simulation data to simulation_outputs/round-7/global/nm_trials-100_stretch-global_a-1_b-0.7.pkl
====================================================================== 

======================================================================
Running new simulation for ***Distance Cell Model*** with distortion=stretch-global (a=1, b=0.7)...
PARAMETERS:
	M=10, min_scale=25, scale_ratio=1.5, m=20, r_max=30, poiss_time_w=0.1
	N_dc=12500 (DCM)
	xdc_positions=[[-250.   -249.96 -249.92],...,[249.88 249.92 249.96]] (DCM)
	Scales=[25.0, 37.5, 56.25, 84.38, 126.56, 189.84, 284.77, 427.15, 640.72, 961.08]
	hexagonal_projection: True
Saved simulation data to simulation_outputs/round-7/global/dcm_trials-100_stretch-global_a-1_b-0.7.pkl
====================================================================== 

======================================================================
Running new simulation for ***Vector Cell Model*** with distortion=stretch-global (a=1, b=0.7)...
PARAMETERS:
	M=10, min_scale=25, scale_ratio=1.5, m=20, r_max=30, poiss_time_w=0.1
	N_fvc=12500 (VCM)
	cvc_pos=[[0.         0.04411894 0.07934294],...,[497.29175374 498.64587687 500.        ]] (VCM)
	fvc_pos=[[0.        0.0400032 0.0800064],...,[499.9199936 499.9599968 500.       ]] (VCM)
	Scales=[25.0, 37.5, 56.25, 84.38, 126.56, 189.84, 284.77, 427.15, 640.72, 961.08]
	hexagonal_projection: True
Saved simulation data to simulation_outputs/round-7/global/vcm_trials-100_stretch-global_a-1_b-0.7.pkl
====================================================================== 


 -+-+-+-+-+-+-+-+-+-+-+-+-+-+-+-+-+-+-+-+-+-+-+-+-+-+-+-+-+-+ RUNNING SIMULATIONS FOR DISTORTION=stretch-global-3 -+-+-+-+-+-+-+-+-+-+-+-+-+-+-+-+-+-+-+-+-+-+-+-+-+-+-+-+-+-+
======================================================================
Running new simulation for ***Nested Model*** with distortion=stretch-global (a=1, b=0.5)...
PARAMETERS:
	M=10, min_scale=25, scale_ratio=1.5, m=20, r_max=30, poiss_time_w=0.1
	Scales=[961.08, 640.72, 427.15, 284.77, 189.84, 126.56, 84.38, 56.25, 37.5, 25.0]
	hexagonal_projection: True
Saved simulation data to simulation_outputs/round-7/global/nm_trials-100_stretch-global_a-1_b-0.5.pkl
====================================================================== 

======================================================================
Running new simulation for ***Distance Cell Model*** with distortion=stretch-global (a=1, b=0.5)...
PARAMETERS:
	M=10, min_scale=25, scale_ratio=1.5, m=20, r_max=30, poiss_time_w=0.1
	N_dc=12500 (DCM)
	xdc_positions=[[-250.   -249.96 -249.92],...,[249.88 249.92 249.96]] (DCM)
	Scales=[25.0, 37.5, 56.25, 84.38, 126.56, 189.84, 284.77, 427.15, 640.72, 961.08]
	hexagonal_projection: True
Saved simulation data to simulation_outputs/round-7/global/dcm_trials-100_stretch-global_a-1_b-0.5.pkl
====================================================================== 

======================================================================
Running new simulation for ***Vector Cell Model*** with distortion=stretch-global (a=1, b=0.5)...
PARAMETERS:
	M=10, min_scale=25, scale_ratio=1.5, m=20, r_max=30, poiss_time_w=0.1
	N_fvc=12500 (VCM)
	cvc_pos=[[0.         0.04411894 0.07934294],...,[497.29175374 498.64587687 500.        ]] (VCM)
	fvc_pos=[[0.        0.0400032 0.0800064],...,[499.9199936 499.9599968 500.       ]] (VCM)
	Scales=[25.0, 37.5, 56.25, 84.38, 126.56, 189.84, 284.77, 427.15, 640.72, 961.08]
	hexagonal_projection: True
Saved simulation data to simulation_outputs/round-7/global/vcm_trials-100_stretch-global_a-1_b-0.5.pkl
====================================================================== 


 -+-+-+-+-+-+-+-+-+-+-+-+-+-+-+-+-+-+-+-+-+-+-+-+-+-+-+-+-+-+ RUNNING SIMULATIONS FOR DISTORTION=stretch-global-4 -+-+-+-+-+-+-+-+-+-+-+-+-+-+-+-+-+-+-+-+-+-+-+-+-+-+-+-+-+-+
======================================================================
Running new simulation for ***Nested Model*** with distortion=stretch-global (a=1, b=0.3)...
PARAMETERS:
	M=10, min_scale=25, scale_ratio=1.5, m=20, r_max=30, poiss_time_w=0.1
	Scales=[961.08, 640.72, 427.15, 284.77, 189.84, 126.56, 84.38, 56.25, 37.5, 25.0]
	hexagonal_projection: True
Saved simulation data to simulation_outputs/round-7/global/nm_trials-100_stretch-global_a-1_b-0.3.pkl
====================================================================== 

======================================================================
Running new simulation for ***Distance Cell Model*** with distortion=stretch-global (a=1, b=0.3)...
PARAMETERS:
	M=10, min_scale=25, scale_ratio=1.5, m=20, r_max=30, poiss_time_w=0.1
	N_dc=12500 (DCM)
	xdc_positions=[[-250.   -249.96 -249.92],...,[249.88 249.92 249.96]] (DCM)
	Scales=[25.0, 37.5, 56.25, 84.38, 126.56, 189.84, 284.77, 427.15, 640.72, 961.08]
	hexagonal_projection: True
Saved simulation data to simulation_outputs/round-7/global/dcm_trials-100_stretch-global_a-1_b-0.3.pkl
====================================================================== 

======================================================================
Running new simulation for ***Vector Cell Model*** with distortion=stretch-global (a=1, b=0.3)...
PARAMETERS:
	M=10, min_scale=25, scale_ratio=1.5, m=20, r_max=30, poiss_time_w=0.1
	N_fvc=12500 (VCM)
	cvc_pos=[[0.         0.04411894 0.07934294],...,[497.29175374 498.64587687 500.        ]] (VCM)
	fvc_pos=[[0.        0.0400032 0.0800064],...,[499.9199936 499.9599968 500.       ]] (VCM)
	Scales=[25.0, 37.5, 56.25, 84.38, 126.56, 189.84, 284.77, 427.15, 640.72, 961.08]
	hexagonal_projection: True
Saved simulation data to simulation_outputs/round-7/global/vcm_trials-100_stretch-global_a-1_b-0.3.pkl
====================================================================== 


 -+-+-+-+-+-+-+-+-+-+-+-+-+-+-+-+-+-+-+-+-+-+-+-+-+-+-+-+-+-+ RUNNING SIMULATIONS FOR DISTORTION=stretch-global-5 -+-+-+-+-+-+-+-+-+-+-+-+-+-+-+-+-+-+-+-+-+-+-+-+-+-+-+-+-+-+
======================================================================
Running new simulation for ***Nested Model*** with distortion=stretch-global (a=1, b=0.1)...
PARAMETERS:
	M=10, min_scale=25, scale_ratio=1.5, m=20, r_max=30, poiss_time_w=0.1
	Scales=[961.08, 640.72, 427.15, 284.77, 189.84, 126.56, 84.38, 56.25, 37.5, 25.0]
	hexagonal_projection: True
Saved simulation data to simulation_outputs/round-7/global/nm_trials-100_stretch-global_a-1_b-0.1.pkl
====================================================================== 

======================================================================
Running new simulation for ***Distance Cell Model*** with distortion=stretch-global (a=1, b=0.1)...
PARAMETERS:
	M=10, min_scale=25, scale_ratio=1.5, m=20, r_max=30, poiss_time_w=0.1
	N_dc=12500 (DCM)
	xdc_positions=[[-250.   -249.96 -249.92],...,[249.88 249.92 249.96]] (DCM)
	Scales=[25.0, 37.5, 56.25, 84.38, 126.56, 189.84, 284.77, 427.15, 640.72, 961.08]
	hexagonal_projection: True
Saved simulation data to simulation_outputs/round-7/global/dcm_trials-100_stretch-global_a-1_b-0.1.pkl
====================================================================== 

======================================================================
Running new simulation for ***Vector Cell Model*** with distortion=stretch-global (a=1, b=0.1)...
PARAMETERS:
	M=10, min_scale=25, scale_ratio=1.5, m=20, r_max=30, poiss_time_w=0.1
	N_fvc=12500 (VCM)
	cvc_pos=[[0.         0.04411894 0.07934294],...,[497.29175374 498.64587687 500.        ]] (VCM)
	fvc_pos=[[0.        0.0400032 0.0800064],...,[499.9199936 499.9599968 500.       ]] (VCM)
	Scales=[25.0, 37.5, 56.25, 84.38, 126.56, 189.84, 284.77, 427.15, 640.72, 961.08]
	hexagonal_projection: True
