
 -+-+-+-+-+-+-+-+-+-+-+-+-+-+-+-+-+-+-+-+-+-+-+-+-+-+-+-+-+-+ RUNNING SIMULATIONS FOR DISTORTION=stretch-global-1 -+-+-+-+-+-+-+-+-+-+-+-+-+-+-+-+-+-+-+-+-+-+-+-+-+-+-+-+-+-+
======================================================================
Running new simulation for ***Nested Model*** with distortion=stretch-global (a=1, b=1)...
PARAMETERS:
	M=10, min_scale=25, scale_ratio=1.5, m=20, r_max=30, poiss_time_w=0.1, modular_bs_selec=RS
	Scales=[961.08, 640.72, 427.15, 284.77, 189.84, 126.56, 84.38, 56.25, 37.5, 25.0]
Saved simulation data to simulation_outputs/round-13/global/nm_trials-100_stretch-global_a-1_b-1.pkl
====================================================================== 

======================================================================
Running new simulation for ***Distance Cell Model*** with distortion=stretch-global (a=1, b=1)...
PARAMETERS:
	M=10, min_scale=25, scale_ratio=1.5, m=20, r_max=30, poiss_time_w=0.1, modular_bs_selec=RS
	N_dc=1000 (DCM)
	xdc_positions=[[-250.  -249.5 -249. ],...,[248.5 249.  249.5]] (DCM)
	Scales=[25.0, 37.5, 56.25, 84.38, 126.56, 189.84, 284.77, 427.15, 640.72, 961.08]
Saved simulation data to simulation_outputs/round-13/global/dcm_trials-100_stretch-global_a-1_b-1.pkl
====================================================================== 

======================================================================
Running new simulation for ***Vector Cell Model*** with distortion=stretch-global (a=1, b=1)...
PARAMETERS:
	M=10, min_scale=25, scale_ratio=1.5, m=20, r_max=30, poiss_time_w=0.1, modular_bs_selec=RS
	N_fvc=1000 (VCM)
	cvc_pos=[[0.         0.02205947 0.26471367],...,[231.34319245 240.67159622 250.        ]] (VCM)
	fvc_pos=[[0.         0.25025025 0.5005005 ],...,[249.4994995  249.74974975 250.        ]] (VCM)
	Scales=[25.0, 37.5, 56.25, 84.38, 126.56, 189.84, 284.77, 427.15, 640.72, 961.08]
Saved simulation data to simulation_outputs/round-13/global/vcm_trials-100_stretch-global_a-1_b-1.pkl
====================================================================== 


 -+-+-+-+-+-+-+-+-+-+-+-+-+-+-+-+-+-+-+-+-+-+-+-+-+-+-+-+-+-+ RUNNING SIMULATIONS FOR DISTORTION=stretch-global-2 -+-+-+-+-+-+-+-+-+-+-+-+-+-+-+-+-+-+-+-+-+-+-+-+-+-+-+-+-+-+
======================================================================
Running new simulation for ***Nested Model*** with distortion=stretch-global (a=1, b=0.7)...
PARAMETERS:
	M=10, min_scale=25, scale_ratio=1.5, m=20, r_max=30, poiss_time_w=0.1, modular_bs_selec=RS
	Scales=[961.08, 640.72, 427.15, 284.77, 189.84, 126.56, 84.38, 56.25, 37.5, 25.0]
Saved simulation data to simulation_outputs/round-13/global/nm_trials-100_stretch-global_a-1_b-0.7.pkl
====================================================================== 

======================================================================
Running new simulation for ***Distance Cell Model*** with distortion=stretch-global (a=1, b=0.7)...
PARAMETERS:
	M=10, min_scale=25, scale_ratio=1.5, m=20, r_max=30, poiss_time_w=0.1, modular_bs_selec=RS
	N_dc=1000 (DCM)
	xdc_positions=[[-250.  -249.5 -249. ],...,[248.5 249.  249.5]] (DCM)
	Scales=[25.0, 37.5, 56.25, 84.38, 126.56, 189.84, 284.77, 427.15, 640.72, 961.08]
Saved simulation data to simulation_outputs/round-13/global/dcm_trials-100_stretch-global_a-1_b-0.7.pkl
====================================================================== 

======================================================================
Running new simulation for ***Vector Cell Model*** with distortion=stretch-global (a=1, b=0.7)...
PARAMETERS:
	M=10, min_scale=25, scale_ratio=1.5, m=20, r_max=30, poiss_time_w=0.1, modular_bs_selec=RS
	N_fvc=1000 (VCM)
	cvc_pos=[[0.         0.02205947 0.26471367],...,[231.34319245 240.67159622 250.        ]] (VCM)
	fvc_pos=[[0.         0.25025025 0.5005005 ],...,[249.4994995  249.74974975 250.        ]] (VCM)
	Scales=[25.0, 37.5, 56.25, 84.38, 126.56, 189.84, 284.77, 427.15, 640.72, 961.08]
Saved simulation data to simulation_outputs/round-13/global/vcm_trials-100_stretch-global_a-1_b-0.7.pkl
====================================================================== 


 -+-+-+-+-+-+-+-+-+-+-+-+-+-+-+-+-+-+-+-+-+-+-+-+-+-+-+-+-+-+ RUNNING SIMULATIONS FOR DISTORTION=stretch-global-3 -+-+-+-+-+-+-+-+-+-+-+-+-+-+-+-+-+-+-+-+-+-+-+-+-+-+-+-+-+-+
======================================================================
Running new simulation for ***Nested Model*** with distortion=stretch-global (a=1, b=0.5)...
PARAMETERS:
	M=10, min_scale=25, scale_ratio=1.5, m=20, r_max=30, poiss_time_w=0.1, modular_bs_selec=RS
	Scales=[961.08, 640.72, 427.15, 284.77, 189.84, 126.56, 84.38, 56.25, 37.5, 25.0]
Saved simulation data to simulation_outputs/round-13/global/nm_trials-100_stretch-global_a-1_b-0.5.pkl
====================================================================== 

======================================================================
Running new simulation for ***Distance Cell Model*** with distortion=stretch-global (a=1, b=0.5)...
PARAMETERS:
	M=10, min_scale=25, scale_ratio=1.5, m=20, r_max=30, poiss_time_w=0.1, modular_bs_selec=RS
	N_dc=1000 (DCM)
	xdc_positions=[[-250.  -249.5 -249. ],...,[248.5 249.  249.5]] (DCM)
	Scales=[25.0, 37.5, 56.25, 84.38, 126.56, 189.84, 284.77, 427.15, 640.72, 961.08]
Saved simulation data to simulation_outputs/round-13/global/dcm_trials-100_stretch-global_a-1_b-0.5.pkl
====================================================================== 

======================================================================
Running new simulation for ***Vector Cell Model*** with distortion=stretch-global (a=1, b=0.5)...
PARAMETERS:
	M=10, min_scale=25, scale_ratio=1.5, m=20, r_max=30, poiss_time_w=0.1, modular_bs_selec=RS
	N_fvc=1000 (VCM)
	cvc_pos=[[0.         0.02205947 0.26471367],...,[231.34319245 240.67159622 250.        ]] (VCM)
	fvc_pos=[[0.         0.25025025 0.5005005 ],...,[249.4994995  249.74974975 250.        ]] (VCM)
	Scales=[25.0, 37.5, 56.25, 84.38, 126.56, 189.84, 284.77, 427.15, 640.72, 961.08]
Saved simulation data to simulation_outputs/round-13/global/vcm_trials-100_stretch-global_a-1_b-0.5.pkl
====================================================================== 


 -+-+-+-+-+-+-+-+-+-+-+-+-+-+-+-+-+-+-+-+-+-+-+-+-+-+-+-+-+-+ RUNNING SIMULATIONS FOR DISTORTION=stretch-global-4 -+-+-+-+-+-+-+-+-+-+-+-+-+-+-+-+-+-+-+-+-+-+-+-+-+-+-+-+-+-+
======================================================================
Running new simulation for ***Nested Model*** with distortion=stretch-global (a=1, b=0.3)...
PARAMETERS:
	M=10, min_scale=25, scale_ratio=1.5, m=20, r_max=30, poiss_time_w=0.1, modular_bs_selec=RS
	Scales=[961.08, 640.72, 427.15, 284.77, 189.84, 126.56, 84.38, 56.25, 37.5, 25.0]
Saved simulation data to simulation_outputs/round-13/global/nm_trials-100_stretch-global_a-1_b-0.3.pkl
====================================================================== 

======================================================================
Running new simulation for ***Distance Cell Model*** with distortion=stretch-global (a=1, b=0.3)...
PARAMETERS:
	M=10, min_scale=25, scale_ratio=1.5, m=20, r_max=30, poiss_time_w=0.1, modular_bs_selec=RS
	N_dc=1000 (DCM)
	xdc_positions=[[-250.  -249.5 -249. ],...,[248.5 249.  249.5]] (DCM)
	Scales=[25.0, 37.5, 56.25, 84.38, 126.56, 189.84, 284.77, 427.15, 640.72, 961.08]
Saved simulation data to simulation_outputs/round-13/global/dcm_trials-100_stretch-global_a-1_b-0.3.pkl
====================================================================== 

======================================================================
Running new simulation for ***Vector Cell Model*** with distortion=stretch-global (a=1, b=0.3)...
PARAMETERS:
	M=10, min_scale=25, scale_ratio=1.5, m=20, r_max=30, poiss_time_w=0.1, modular_bs_selec=RS
	N_fvc=1000 (VCM)
	cvc_pos=[[0.         0.02205947 0.26471367],...,[231.34319245 240.67159622 250.        ]] (VCM)
	fvc_pos=[[0.         0.25025025 0.5005005 ],...,[249.4994995  249.74974975 250.        ]] (VCM)
	Scales=[25.0, 37.5, 56.25, 84.38, 126.56, 189.84, 284.77, 427.15, 640.72, 961.08]
Saved simulation data to simulation_outputs/round-13/global/vcm_trials-100_stretch-global_a-1_b-0.3.pkl
====================================================================== 


 -+-+-+-+-+-+-+-+-+-+-+-+-+-+-+-+-+-+-+-+-+-+-+-+-+-+-+-+-+-+ RUNNING SIMULATIONS FOR DISTORTION=stretch-global-5 -+-+-+-+-+-+-+-+-+-+-+-+-+-+-+-+-+-+-+-+-+-+-+-+-+-+-+-+-+-+
======================================================================
Running new simulation for ***Nested Model*** with distortion=stretch-global (a=1, b=0.1)...
PARAMETERS:
	M=10, min_scale=25, scale_ratio=1.5, m=20, r_max=30, poiss_time_w=0.1, modular_bs_selec=RS
	Scales=[961.08, 640.72, 427.15, 284.77, 189.84, 126.56, 84.38, 56.25, 37.5, 25.0]
Saved simulation data to simulation_outputs/round-13/global/nm_trials-100_stretch-global_a-1_b-0.1.pkl
====================================================================== 

======================================================================
Running new simulation for ***Distance Cell Model*** with distortion=stretch-global (a=1, b=0.1)...
PARAMETERS:
	M=10, min_scale=25, scale_ratio=1.5, m=20, r_max=30, poiss_time_w=0.1, modular_bs_selec=RS
	N_dc=1000 (DCM)
	xdc_positions=[[-250.  -249.5 -249. ],...,[248.5 249.  249.5]] (DCM)
	Scales=[25.0, 37.5, 56.25, 84.38, 126.56, 189.84, 284.77, 427.15, 640.72, 961.08]
Saved simulation data to simulation_outputs/round-13/global/dcm_trials-100_stretch-global_a-1_b-0.1.pkl
====================================================================== 

======================================================================
Running new simulation for ***Vector Cell Model*** with distortion=stretch-global (a=1, b=0.1)...
PARAMETERS:
	M=10, min_scale=25, scale_ratio=1.5, m=20, r_max=30, poiss_time_w=0.1, modular_bs_selec=RS
	N_fvc=1000 (VCM)
	cvc_pos=[[0.         0.02205947 0.26471367],...,[231.34319245 240.67159622 250.        ]] (VCM)
	fvc_pos=[[0.         0.25025025 0.5005005 ],...,[249.4994995  249.74974975 250.        ]] (VCM)
	Scales=[25.0, 37.5, 56.25, 84.38, 126.56, 189.84, 284.77, 427.15, 640.72, 961.08]
Saved simulation data to simulation_outputs/round-13/global/vcm_trials-100_stretch-global_a-1_b-0.1.pkl
====================================================================== 


 -+-+-+-+-+-+-+-+-+-+-+-+-+-+-+-+-+-+-+-+-+-+-+-+-+-+-+-+-+-+ RUNNING SIMULATIONS FOR DISTORTION=stretch-modular-1 -+-+-+-+-+-+-+-+-+-+-+-+-+-+-+-+-+-+-+-+-+-+-+-+-+-+-+-+-+-+
======================================================================
Running new simulation for ***Nested Model*** with distortion=stretch-modular (a=1, b=1)...
PARAMETERS:
	M=10, min_scale=25, scale_ratio=1.5, m=20, r_max=30, poiss_time_w=0.1, modular_bs_selec=RS
	Scales=[961.08, 640.72, 427.15, 284.77, 189.84, 126.56, 84.38, 56.25, 37.5, 25.0]
Saved simulation data to simulation_outputs/round-13/modular/nm_trials-100_stretch-modular-RS_a-1_b-1.pkl
====================================================================== 

======================================================================
Running new simulation for ***Distance Cell Model*** with distortion=stretch-modular (a=1, b=1)...
PARAMETERS:
	M=10, min_scale=25, scale_ratio=1.5, m=20, r_max=30, poiss_time_w=0.1, modular_bs_selec=RS
	N_dc=1000 (DCM)
	xdc_positions=[[-250.  -249.5 -249. ],...,[248.5 249.  249.5]] (DCM)
	Scales=[25.0, 37.5, 56.25, 84.38, 126.56, 189.84, 284.77, 427.15, 640.72, 961.08]
Saved simulation data to simulation_outputs/round-13/modular/dcm_trials-100_stretch-modular-RS_a-1_b-1.pkl
====================================================================== 

======================================================================
Running new simulation for ***Vector Cell Model*** with distortion=stretch-modular (a=1, b=1)...
PARAMETERS:
	M=10, min_scale=25, scale_ratio=1.5, m=20, r_max=30, poiss_time_w=0.1, modular_bs_selec=RS
	N_fvc=1000 (VCM)
	cvc_pos=[[0.         0.02205947 0.26471367],...,[231.34319245 240.67159622 250.        ]] (VCM)
	fvc_pos=[[0.         0.25025025 0.5005005 ],...,[249.4994995  249.74974975 250.        ]] (VCM)
	Scales=[25.0, 37.5, 56.25, 84.38, 126.56, 189.84, 284.77, 427.15, 640.72, 961.08]
Saved simulation data to simulation_outputs/round-13/modular/vcm_trials-100_stretch-modular-RS_a-1_b-1.pkl
====================================================================== 


 -+-+-+-+-+-+-+-+-+-+-+-+-+-+-+-+-+-+-+-+-+-+-+-+-+-+-+-+-+-+ RUNNING SIMULATIONS FOR DISTORTION=stretch-modular-2 -+-+-+-+-+-+-+-+-+-+-+-+-+-+-+-+-+-+-+-+-+-+-+-+-+-+-+-+-+-+
======================================================================
Running new simulation for ***Nested Model*** with distortion=stretch-modular (a=1, b=0.7)...
PARAMETERS:
	M=10, min_scale=25, scale_ratio=1.5, m=20, r_max=30, poiss_time_w=0.1, modular_bs_selec=RS
	Scales=[961.08, 640.72, 427.15, 284.77, 189.84, 126.56, 84.38, 56.25, 37.5, 25.0]
Saved simulation data to simulation_outputs/round-13/modular/nm_trials-100_stretch-modular-RS_a-1_b-0.7.pkl
====================================================================== 

======================================================================
Running new simulation for ***Distance Cell Model*** with distortion=stretch-modular (a=1, b=0.7)...
PARAMETERS:
	M=10, min_scale=25, scale_ratio=1.5, m=20, r_max=30, poiss_time_w=0.1, modular_bs_selec=RS
	N_dc=1000 (DCM)
	xdc_positions=[[-250.  -249.5 -249. ],...,[248.5 249.  249.5]] (DCM)
	Scales=[25.0, 37.5, 56.25, 84.38, 126.56, 189.84, 284.77, 427.15, 640.72, 961.08]
Saved simulation data to simulation_outputs/round-13/modular/dcm_trials-100_stretch-modular-RS_a-1_b-0.7.pkl
====================================================================== 

======================================================================
Running new simulation for ***Vector Cell Model*** with distortion=stretch-modular (a=1, b=0.7)...
PARAMETERS:
	M=10, min_scale=25, scale_ratio=1.5, m=20, r_max=30, poiss_time_w=0.1, modular_bs_selec=RS
	N_fvc=1000 (VCM)
	cvc_pos=[[0.         0.02205947 0.26471367],...,[231.34319245 240.67159622 250.        ]] (VCM)
	fvc_pos=[[0.         0.25025025 0.5005005 ],...,[249.4994995  249.74974975 250.        ]] (VCM)
	Scales=[25.0, 37.5, 56.25, 84.38, 126.56, 189.84, 284.77, 427.15, 640.72, 961.08]
Saved simulation data to simulation_outputs/round-13/modular/vcm_trials-100_stretch-modular-RS_a-1_b-0.7.pkl
====================================================================== 


 -+-+-+-+-+-+-+-+-+-+-+-+-+-+-+-+-+-+-+-+-+-+-+-+-+-+-+-+-+-+ RUNNING SIMULATIONS FOR DISTORTION=stretch-modular-3 -+-+-+-+-+-+-+-+-+-+-+-+-+-+-+-+-+-+-+-+-+-+-+-+-+-+-+-+-+-+
======================================================================
Running new simulation for ***Nested Model*** with distortion=stretch-modular (a=1, b=0.5)...
PARAMETERS:
	M=10, min_scale=25, scale_ratio=1.5, m=20, r_max=30, poiss_time_w=0.1, modular_bs_selec=RS
	Scales=[961.08, 640.72, 427.15, 284.77, 189.84, 126.56, 84.38, 56.25, 37.5, 25.0]
Saved simulation data to simulation_outputs/round-13/modular/nm_trials-100_stretch-modular-RS_a-1_b-0.5.pkl
====================================================================== 

======================================================================
Running new simulation for ***Distance Cell Model*** with distortion=stretch-modular (a=1, b=0.5)...
PARAMETERS:
	M=10, min_scale=25, scale_ratio=1.5, m=20, r_max=30, poiss_time_w=0.1, modular_bs_selec=RS
	N_dc=1000 (DCM)
	xdc_positions=[[-250.  -249.5 -249. ],...,[248.5 249.  249.5]] (DCM)
	Scales=[25.0, 37.5, 56.25, 84.38, 126.56, 189.84, 284.77, 427.15, 640.72, 961.08]
Saved simulation data to simulation_outputs/round-13/modular/dcm_trials-100_stretch-modular-RS_a-1_b-0.5.pkl
====================================================================== 

======================================================================
Running new simulation for ***Vector Cell Model*** with distortion=stretch-modular (a=1, b=0.5)...
PARAMETERS:
	M=10, min_scale=25, scale_ratio=1.5, m=20, r_max=30, poiss_time_w=0.1, modular_bs_selec=RS
	N_fvc=1000 (VCM)
	cvc_pos=[[0.         0.02205947 0.26471367],...,[231.34319245 240.67159622 250.        ]] (VCM)
	fvc_pos=[[0.         0.25025025 0.5005005 ],...,[249.4994995  249.74974975 250.        ]] (VCM)
	Scales=[25.0, 37.5, 56.25, 84.38, 126.56, 189.84, 284.77, 427.15, 640.72, 961.08]
Saved simulation data to simulation_outputs/round-13/modular/vcm_trials-100_stretch-modular-RS_a-1_b-0.5.pkl
====================================================================== 


 -+-+-+-+-+-+-+-+-+-+-+-+-+-+-+-+-+-+-+-+-+-+-+-+-+-+-+-+-+-+ RUNNING SIMULATIONS FOR DISTORTION=stretch-modular-4 -+-+-+-+-+-+-+-+-+-+-+-+-+-+-+-+-+-+-+-+-+-+-+-+-+-+-+-+-+-+
======================================================================
Running new simulation for ***Nested Model*** with distortion=stretch-modular (a=1, b=0.3)...
PARAMETERS:
	M=10, min_scale=25, scale_ratio=1.5, m=20, r_max=30, poiss_time_w=0.1, modular_bs_selec=RS
	Scales=[961.08, 640.72, 427.15, 284.77, 189.84, 126.56, 84.38, 56.25, 37.5, 25.0]
Saved simulation data to simulation_outputs/round-13/modular/nm_trials-100_stretch-modular-RS_a-1_b-0.3.pkl
====================================================================== 

======================================================================
Running new simulation for ***Distance Cell Model*** with distortion=stretch-modular (a=1, b=0.3)...
PARAMETERS:
	M=10, min_scale=25, scale_ratio=1.5, m=20, r_max=30, poiss_time_w=0.1, modular_bs_selec=RS
	N_dc=1000 (DCM)
	xdc_positions=[[-250.  -249.5 -249. ],...,[248.5 249.  249.5]] (DCM)
	Scales=[25.0, 37.5, 56.25, 84.38, 126.56, 189.84, 284.77, 427.15, 640.72, 961.08]
Saved simulation data to simulation_outputs/round-13/modular/dcm_trials-100_stretch-modular-RS_a-1_b-0.3.pkl
====================================================================== 

======================================================================
Running new simulation for ***Vector Cell Model*** with distortion=stretch-modular (a=1, b=0.3)...
PARAMETERS:
	M=10, min_scale=25, scale_ratio=1.5, m=20, r_max=30, poiss_time_w=0.1, modular_bs_selec=RS
	N_fvc=1000 (VCM)
	cvc_pos=[[0.         0.02205947 0.26471367],...,[231.34319245 240.67159622 250.        ]] (VCM)
	fvc_pos=[[0.         0.25025025 0.5005005 ],...,[249.4994995  249.74974975 250.        ]] (VCM)
	Scales=[25.0, 37.5, 56.25, 84.38, 126.56, 189.84, 284.77, 427.15, 640.72, 961.08]
Saved simulation data to simulation_outputs/round-13/modular/vcm_trials-100_stretch-modular-RS_a-1_b-0.3.pkl
====================================================================== 


 -+-+-+-+-+-+-+-+-+-+-+-+-+-+-+-+-+-+-+-+-+-+-+-+-+-+-+-+-+-+ RUNNING SIMULATIONS FOR DISTORTION=stretch-modular-5 -+-+-+-+-+-+-+-+-+-+-+-+-+-+-+-+-+-+-+-+-+-+-+-+-+-+-+-+-+-+
======================================================================
Running new simulation for ***Nested Model*** with distortion=stretch-modular (a=1, b=0.1)...
PARAMETERS:
	M=10, min_scale=25, scale_ratio=1.5, m=20, r_max=30, poiss_time_w=0.1, modular_bs_selec=RS
	Scales=[961.08, 640.72, 427.15, 284.77, 189.84, 126.56, 84.38, 56.25, 37.5, 25.0]
Saved simulation data to simulation_outputs/round-13/modular/nm_trials-100_stretch-modular-RS_a-1_b-0.1.pkl
====================================================================== 

======================================================================
Running new simulation for ***Distance Cell Model*** with distortion=stretch-modular (a=1, b=0.1)...
PARAMETERS:
	M=10, min_scale=25, scale_ratio=1.5, m=20, r_max=30, poiss_time_w=0.1, modular_bs_selec=RS
	N_dc=1000 (DCM)
	xdc_positions=[[-250.  -249.5 -249. ],...,[248.5 249.  249.5]] (DCM)
	Scales=[25.0, 37.5, 56.25, 84.38, 126.56, 189.84, 284.77, 427.15, 640.72, 961.08]
Saved simulation data to simulation_outputs/round-13/modular/dcm_trials-100_stretch-modular-RS_a-1_b-0.1.pkl
====================================================================== 

======================================================================
Running new simulation for ***Vector Cell Model*** with distortion=stretch-modular (a=1, b=0.1)...
PARAMETERS:
	M=10, min_scale=25, scale_ratio=1.5, m=20, r_max=30, poiss_time_w=0.1, modular_bs_selec=RS
	N_fvc=1000 (VCM)
	cvc_pos=[[0.         0.02205947 0.26471367],...,[231.34319245 240.67159622 250.        ]] (VCM)
	fvc_pos=[[0.         0.25025025 0.5005005 ],...,[249.4994995  249.74974975 250.        ]] (VCM)
	Scales=[25.0, 37.5, 56.25, 84.38, 126.56, 189.84, 284.77, 427.15, 640.72, 961.08]
Saved simulation data to simulation_outputs/round-13/modular/vcm_trials-100_stretch-modular-RS_a-1_b-0.1.pkl
====================================================================== 


 -+-+-+-+-+-+-+-+-+-+-+-+-+-+-+-+-+-+-+-+-+-+-+-+-+-+-+-+-+-+ RUNNING SIMULATIONS FOR DISTORTION=stretch-local-1 -+-+-+-+-+-+-+-+-+-+-+-+-+-+-+-+-+-+-+-+-+-+-+-+-+-+-+-+-+-+
======================================================================
Running new simulation for ***Nested Model*** with distortion=stretch-local (a=1, b=1)...
PARAMETERS:
	M=10, min_scale=25, scale_ratio=1.5, m=20, r_max=30, poiss_time_w=0.1, modular_bs_selec=RS
	Scales=[961.08, 640.72, 427.15, 284.77, 189.84, 126.56, 84.38, 56.25, 37.5, 25.0]
Saved simulation data to simulation_outputs/round-13/local/nm_trials-100_stretch-local_a-1_b-1.pkl
====================================================================== 

======================================================================
Running new simulation for ***Distance Cell Model*** with distortion=stretch-local (a=1, b=1)...
PARAMETERS:
	M=10, min_scale=25, scale_ratio=1.5, m=20, r_max=30, poiss_time_w=0.1, modular_bs_selec=RS
	N_dc=1000 (DCM)
	xdc_positions=[[-250.  -249.5 -249. ],...,[248.5 249.  249.5]] (DCM)
	Scales=[25.0, 37.5, 56.25, 84.38, 126.56, 189.84, 284.77, 427.15, 640.72, 961.08]
Saved simulation data to simulation_outputs/round-13/local/dcm_trials-100_stretch-local_a-1_b-1.pkl
====================================================================== 

======================================================================
Running new simulation for ***Vector Cell Model*** with distortion=stretch-local (a=1, b=1)...
PARAMETERS:
	M=10, min_scale=25, scale_ratio=1.5, m=20, r_max=30, poiss_time_w=0.1, modular_bs_selec=RS
	N_fvc=1000 (VCM)
	cvc_pos=[[0.         0.02205947 0.26471367],...,[231.34319245 240.67159622 250.        ]] (VCM)
	fvc_pos=[[0.         0.25025025 0.5005005 ],...,[249.4994995  249.74974975 250.        ]] (VCM)
	Scales=[25.0, 37.5, 56.25, 84.38, 126.56, 189.84, 284.77, 427.15, 640.72, 961.08]
Saved simulation data to simulation_outputs/round-13/local/vcm_trials-100_stretch-local_a-1_b-1.pkl
====================================================================== 


 -+-+-+-+-+-+-+-+-+-+-+-+-+-+-+-+-+-+-+-+-+-+-+-+-+-+-+-+-+-+ RUNNING SIMULATIONS FOR DISTORTION=stretch-local-2 -+-+-+-+-+-+-+-+-+-+-+-+-+-+-+-+-+-+-+-+-+-+-+-+-+-+-+-+-+-+
======================================================================
Running new simulation for ***Nested Model*** with distortion=stretch-local (a=1, b=0.99)...
PARAMETERS:
	M=10, min_scale=25, scale_ratio=1.5, m=20, r_max=30, poiss_time_w=0.1, modular_bs_selec=RS
	Scales=[961.08, 640.72, 427.15, 284.77, 189.84, 126.56, 84.38, 56.25, 37.5, 25.0]
Saved simulation data to simulation_outputs/round-13/local/nm_trials-100_stretch-local_a-1_b-0.99.pkl
====================================================================== 

======================================================================
Running new simulation for ***Distance Cell Model*** with distortion=stretch-local (a=1, b=0.99)...
PARAMETERS:
	M=10, min_scale=25, scale_ratio=1.5, m=20, r_max=30, poiss_time_w=0.1, modular_bs_selec=RS
	N_dc=1000 (DCM)
	xdc_positions=[[-250.  -249.5 -249. ],...,[248.5 249.  249.5]] (DCM)
	Scales=[25.0, 37.5, 56.25, 84.38, 126.56, 189.84, 284.77, 427.15, 640.72, 961.08]
Saved simulation data to simulation_outputs/round-13/local/dcm_trials-100_stretch-local_a-1_b-0.99.pkl
====================================================================== 

======================================================================
Running new simulation for ***Vector Cell Model*** with distortion=stretch-local (a=1, b=0.99)...
PARAMETERS:
	M=10, min_scale=25, scale_ratio=1.5, m=20, r_max=30, poiss_time_w=0.1, modular_bs_selec=RS
	N_fvc=1000 (VCM)
	cvc_pos=[[0.         0.02205947 0.26471367],...,[231.34319245 240.67159622 250.        ]] (VCM)
	fvc_pos=[[0.         0.25025025 0.5005005 ],...,[249.4994995  249.74974975 250.        ]] (VCM)
	Scales=[25.0, 37.5, 56.25, 84.38, 126.56, 189.84, 284.77, 427.15, 640.72, 961.08]
Saved simulation data to simulation_outputs/round-13/local/vcm_trials-100_stretch-local_a-1_b-0.99.pkl
====================================================================== 


 -+-+-+-+-+-+-+-+-+-+-+-+-+-+-+-+-+-+-+-+-+-+-+-+-+-+-+-+-+-+ RUNNING SIMULATIONS FOR DISTORTION=stretch-local-3 -+-+-+-+-+-+-+-+-+-+-+-+-+-+-+-+-+-+-+-+-+-+-+-+-+-+-+-+-+-+
======================================================================
Running new simulation for ***Nested Model*** with distortion=stretch-local (a=1, b=0.95)...
PARAMETERS:
	M=10, min_scale=25, scale_ratio=1.5, m=20, r_max=30, poiss_time_w=0.1, modular_bs_selec=RS
	Scales=[961.08, 640.72, 427.15, 284.77, 189.84, 126.56, 84.38, 56.25, 37.5, 25.0]
Saved simulation data to simulation_outputs/round-13/local/nm_trials-100_stretch-local_a-1_b-0.95.pkl
====================================================================== 

======================================================================
Running new simulation for ***Distance Cell Model*** with distortion=stretch-local (a=1, b=0.95)...
PARAMETERS:
	M=10, min_scale=25, scale_ratio=1.5, m=20, r_max=30, poiss_time_w=0.1, modular_bs_selec=RS
	N_dc=1000 (DCM)
	xdc_positions=[[-250.  -249.5 -249. ],...,[248.5 249.  249.5]] (DCM)
	Scales=[25.0, 37.5, 56.25, 84.38, 126.56, 189.84, 284.77, 427.15, 640.72, 961.08]
Saved simulation data to simulation_outputs/round-13/local/dcm_trials-100_stretch-local_a-1_b-0.95.pkl
====================================================================== 

======================================================================
Running new simulation for ***Vector Cell Model*** with distortion=stretch-local (a=1, b=0.95)...
PARAMETERS:
	M=10, min_scale=25, scale_ratio=1.5, m=20, r_max=30, poiss_time_w=0.1, modular_bs_selec=RS
	N_fvc=1000 (VCM)
	cvc_pos=[[0.         0.02205947 0.26471367],...,[231.34319245 240.67159622 250.        ]] (VCM)
	fvc_pos=[[0.         0.25025025 0.5005005 ],...,[249.4994995  249.74974975 250.        ]] (VCM)
	Scales=[25.0, 37.5, 56.25, 84.38, 126.56, 189.84, 284.77, 427.15, 640.72, 961.08]
Saved simulation data to simulation_outputs/round-13/local/vcm_trials-100_stretch-local_a-1_b-0.95.pkl
====================================================================== 


 -+-+-+-+-+-+-+-+-+-+-+-+-+-+-+-+-+-+-+-+-+-+-+-+-+-+-+-+-+-+ RUNNING SIMULATIONS FOR DISTORTION=stretch-local-4 -+-+-+-+-+-+-+-+-+-+-+-+-+-+-+-+-+-+-+-+-+-+-+-+-+-+-+-+-+-+
======================================================================
Running new simulation for ***Nested Model*** with distortion=stretch-local (a=1, b=0.9)...
PARAMETERS:
	M=10, min_scale=25, scale_ratio=1.5, m=20, r_max=30, poiss_time_w=0.1, modular_bs_selec=RS
	Scales=[961.08, 640.72, 427.15, 284.77, 189.84, 126.56, 84.38, 56.25, 37.5, 25.0]
Saved simulation data to simulation_outputs/round-13/local/nm_trials-100_stretch-local_a-1_b-0.9.pkl
====================================================================== 

======================================================================
Running new simulation for ***Distance Cell Model*** with distortion=stretch-local (a=1, b=0.9)...
PARAMETERS:
	M=10, min_scale=25, scale_ratio=1.5, m=20, r_max=30, poiss_time_w=0.1, modular_bs_selec=RS
	N_dc=1000 (DCM)
	xdc_positions=[[-250.  -249.5 -249. ],...,[248.5 249.  249.5]] (DCM)
	Scales=[25.0, 37.5, 56.25, 84.38, 126.56, 189.84, 284.77, 427.15, 640.72, 961.08]
Saved simulation data to simulation_outputs/round-13/local/dcm_trials-100_stretch-local_a-1_b-0.9.pkl
====================================================================== 

======================================================================
Running new simulation for ***Vector Cell Model*** with distortion=stretch-local (a=1, b=0.9)...
PARAMETERS:
	M=10, min_scale=25, scale_ratio=1.5, m=20, r_max=30, poiss_time_w=0.1, modular_bs_selec=RS
	N_fvc=1000 (VCM)
	cvc_pos=[[0.         0.02205947 0.26471367],...,[231.34319245 240.67159622 250.        ]] (VCM)
	fvc_pos=[[0.         0.25025025 0.5005005 ],...,[249.4994995  249.74974975 250.        ]] (VCM)
	Scales=[25.0, 37.5, 56.25, 84.38, 126.56, 189.84, 284.77, 427.15, 640.72, 961.08]
Saved simulation data to simulation_outputs/round-13/local/vcm_trials-100_stretch-local_a-1_b-0.9.pkl
====================================================================== 


 -+-+-+-+-+-+-+-+-+-+-+-+-+-+-+-+-+-+-+-+-+-+-+-+-+-+-+-+-+-+ RUNNING SIMULATIONS FOR DISTORTION=stretch-local-5 -+-+-+-+-+-+-+-+-+-+-+-+-+-+-+-+-+-+-+-+-+-+-+-+-+-+-+-+-+-+
======================================================================
Running new simulation for ***Nested Model*** with distortion=stretch-local (a=1, b=0.7)...
PARAMETERS:
	M=10, min_scale=25, scale_ratio=1.5, m=20, r_max=30, poiss_time_w=0.1, modular_bs_selec=RS
	Scales=[961.08, 640.72, 427.15, 284.77, 189.84, 126.56, 84.38, 56.25, 37.5, 25.0]
Saved simulation data to simulation_outputs/round-13/local/nm_trials-100_stretch-local_a-1_b-0.7.pkl
====================================================================== 

======================================================================
Running new simulation for ***Distance Cell Model*** with distortion=stretch-local (a=1, b=0.7)...
PARAMETERS:
	M=10, min_scale=25, scale_ratio=1.5, m=20, r_max=30, poiss_time_w=0.1, modular_bs_selec=RS
	N_dc=1000 (DCM)
	xdc_positions=[[-250.  -249.5 -249. ],...,[248.5 249.  249.5]] (DCM)
	Scales=[25.0, 37.5, 56.25, 84.38, 126.56, 189.84, 284.77, 427.15, 640.72, 961.08]
Saved simulation data to simulation_outputs/round-13/local/dcm_trials-100_stretch-local_a-1_b-0.7.pkl
====================================================================== 

======================================================================
Running new simulation for ***Vector Cell Model*** with distortion=stretch-local (a=1, b=0.7)...
PARAMETERS:
	M=10, min_scale=25, scale_ratio=1.5, m=20, r_max=30, poiss_time_w=0.1, modular_bs_selec=RS
	N_fvc=1000 (VCM)
	cvc_pos=[[0.         0.02205947 0.26471367],...,[231.34319245 240.67159622 250.        ]] (VCM)
	fvc_pos=[[0.         0.25025025 0.5005005 ],...,[249.4994995  249.74974975 250.        ]] (VCM)
	Scales=[25.0, 37.5, 56.25, 84.38, 126.56, 189.84, 284.77, 427.15, 640.72, 961.08]
Saved simulation data to simulation_outputs/round-13/local/vcm_trials-100_stretch-local_a-1_b-0.7.pkl
====================================================================== 

